[INFO] Scanning for projects...
[INFO] 
[INFO] -------------------< com.smartcampus:operations-hub >-------------------
[INFO] Building Sync 0.0.1-SNAPSHOT
[INFO]   from pom.xml
[INFO] --------------------------------[ jar ]---------------------------------
[INFO] 
[INFO] --- clean:3.3.2:clean (default-clean) @ operations-hub ---
[INFO] Deleting C:\Users\llith\OneDrive\Desktop\Sync\backend\target
[INFO] 
[INFO] --- resources:3.3.1:resources (default-resources) @ operations-hub ---
[INFO] Copying 2 resources from src\main\resources to target\classes
[INFO] Copying 1 resource from src\main\resources to target\classes
[INFO] 
[INFO] --- compiler:3.13.0:compile (default-compile) @ operations-hub ---
[INFO] Recompiling the module because of changed source code.
[INFO] Compiling 32 source files with javac [debug parameters release 21] to target\classes
[INFO] -------------------------------------------------------------
[ERROR] COMPILATION ERROR : 
[INFO] -------------------------------------------------------------
[ERROR] /C:/Users/llith/OneDrive/Desktop/Sync/backend/src/main/java/com/smartcampus/operationshub/common/controller/DashboardStatsController.java:[19,34] variable userRepository not initialized in the default constructor
[ERROR] /C:/Users/llith/OneDrive/Desktop/Sync/backend/src/main/java/com/smartcampus/operationshub/common/controller/DashboardStatsController.java:[20,37] variable bookingRepository not initialized in the default constructor
[ERROR] /C:/Users/llith/OneDrive/Desktop/Sync/backend/src/main/java/com/smartcampus/operationshub/common/controller/DashboardStatsController.java:[21,36] variable ticketRepository not initialized in the default constructor
[ERROR] /C:/Users/llith/OneDrive/Desktop/Sync/backend/src/main/java/com/smartcampus/operationshub/common/controller/DashboardStatsController.java:[22,38] variable resourceRepository not initialized in the default constructor
[INFO] 4 errors 
[INFO] -------------------------------------------------------------
[INFO] ------------------------------------------------------------------------
[INFO] BUILD FAILURE
[INFO] ------------------------------------------------------------------------
[INFO] Total time:  2.794 s
[INFO] Finished at: 2026-04-01T22:19:31+05:30
[INFO] ------------------------------------------------------------------------
[ERROR] Failed to execute goal org.apache.maven.plugins:maven-compiler-plugin:3.13.0:compile (default-compile) on project operations-hub: Compilation failure: Compilation failure: 
[ERROR] /C:/Users/llith/OneDrive/Desktop/Sync/backend/src/main/java/com/smartcampus/operationshub/common/controller/DashboardStatsController.java:[19,34] variable userRepository not initialized in the default constructor
[ERROR] /C:/Users/llith/OneDrive/Desktop/Sync/backend/src/main/java/com/smartcampus/operationshub/common/controller/DashboardStatsController.java:[20,37] variable bookingRepository not initialized in the default constructor
[ERROR] /C:/Users/llith/OneDrive/Desktop/Sync/backend/src/main/java/com/smartcampus/operationshub/common/controller/DashboardStatsController.java:[21,36] variable ticketRepository not initialized in the default constructor
[ERROR] /C:/Users/llith/OneDrive/Desktop/Sync/backend/src/main/java/com/smartcampus/operationshub/common/controller/DashboardStatsController.java:[22,38] variable resourceRepository not initialized in the default constructor
[ERROR] -> [Help 1]
[ERROR] 
[ERROR] To see the full stack trace of the errors, re-run Maven with the -e switch.
[ERROR] Re-run Maven using the -X switch to enable full debug logging.
[ERROR] 
[ERROR] For more information about the errors and possible solutions, please read the following articles:
[ERROR] [Help 1] http://cwiki.apache.org/confluence/display/MAVEN/MojoFailureException
